Microchip MPLAB XC8 Compiler V1.11 ()

Linker command line:

--edf=C:\Program Files (x86)\Microchip\xc8\v1.11\dat\en_msgs.txt -cs \
  -h+dist/default/production\PR23_R2.X.production.sym -z -Q16F877A -ol.obj \
  -Mdist/default/production/PR23_R2.X.production.map -E1 -ver=XC8 \
  -ACONST=00h-0FFhx32 -ACODE=00h-07FFhx4 -ASTRCODE=00h-01FFFh \
  -AENTRY=00h-0FFhx32 -ASTRING=00h-0FFhx32 -ACOMMON=070h-07Fh \
  -ABANK0=020h-06Fh -ABANK1=0A0h-0EFh -ABANK2=0110h-016Fh \
  -ABANK3=0190h-01EFh -ARAM=020h-06Fh,0A0h-0EFh,0110h-016Fh,0190h-01EFh \
  -AABS1=020h-07Fh,0A0h-0EFh,0110h-016Fh,0190h-01EFh -ASFR0=00h-01Fh \
  -ASFR1=080h-09Fh -ASFR2=0100h-010Fh -ASFR3=0180h-018Fh \
  -preset_vec=00h,intentry=04h,init,end_init -ppowerup=CODE -pfunctab=CODE \
  -ACONFIG=02007h-02007h -pconfig=CONFIG -DCONFIG=2 -AIDLOC=02000h-02003h \
  -pidloc=IDLOC -DIDLOC=2 -AEEDATA=00h-0FFh/02100h -peeprom_data=EEDATA \
  -DEEDATA=2 -DCODE=2 -DSTRCODE=2 -DSTRING=2 -DCONST=2 -DENTRY=2 -k \
  C:\Users\Ober\AppData\Local\Temp\s7rg.obj \
  dist/default/production\PR23_R2.X.production.obj 

Object code version is 3.10

Machine type is 16F877A



                Name                               Link     Load   Length Selector   Space Scale
C:\Users\Ober\AppData\Local\Temp\s7rg.obj
                end_init                             12       12        3        8       0
                reset_vec                             0        0        3        0       0
                config                             2007     2007        1     400E       0
dist/default/production\PR23_R2.X.production.obj
                intentry                              4        4        E        8       0
                text1425                           179B     179B       65     2F36       0
                text1424                            78A      78A       6F      77A       0
                text1423                           174F     174F       4C     2E9E       0
                text1422                           170A     170A       45     2E14       0
                text1421                            80B      80B       4F     1016       0
                text1420                           1593     1593       2C     2B26       0
                text1419                           143D     143D        7     287A       0
                text1418                           1444     1444        7     2888       0
                text1417                           144B     144B        7     2896       0
                text1416                           16CD     16CD       3D     2D9A       0
                text1415                            85A      85A       AF     10B4       0
                text1414                             15       15       CD        8       0
                text1413                           1452     1452        7     28A4       0
                text1412                           1459     1459        7     28B2       0
                text1411                           1434     1434        3     2868       0
                text1410                             FC       FC        3        8       0
                text1409                           1437     1437        6     286E       0
                text1408                           1460     1460        7     28C0       0
                text1407                           146E     146E        9     28DC       0
                text1406                           14B0     14B0       16     2960       0
                text1405                           1481     1481        C     2902       0
                text1404                           148D     148D       10     291A       0
                text1403                           1569     1569       2A     2AD2       0
                text1402                           150E     150E       1A     2A1C       0
                text1401                             E2       E2       1A        8       0
                text1400                           1548     1548       21     2A90       0
                text1399                           14DC     14DC       19     29B8       0
                text1398                            909      909       F7     1212       0
                text1397                           14F5     14F5       19     29EA       0
                text1396                            800      800        B     1000       0
                text1395                           1467     1467        7     28CE       0
                text1394                            7F9      7F9        7      77A       0
                text1393                           1691     1691       3C     2D22       0
                text1392                           15EE     15EE       31     2BDC       0
                text1391                           14C6     14C6       16     298C       0
                text1390                           15BF     15BF       2F     2B7E       0
                text1389                            3BD      3BD      1FC      77A       0
                text1388                            5B9      5B9      1D1      77A       0
                text1387                            A00      A00      154     1400       0
                text1386                            CB0      CB0      19C     1960       0
                text1385                            E4C      E4C      1B4     1C98       0
                text1384                           161F     161F       38     2C3E       0
                text1383                           1657     1657       3A     2CAE       0
                maintext                            B54      B54      15C     16A8       0
                cstackBANK0                          20       20       3F       20       1
                cstackCOMMON                         70       70        7       70       1
                inittext                           149D     149D       13     293A       0
                dataBANK1                            A0       A0        A       A0       1
                bssBANK0                             5F       5F        B       20       1
                bssCOMMON                            77       77        3       70       1
                cinit                              1528     1528       20     2A50       0
                stringtext                          100      100      2BD        2       0
                idataBANK1                         1477     1477        A     28EE       0

TOTAL           Name                               Link     Load   Length     Space
        CLASS   CONST          

        CLASS   CODE           
                end_init                             12       12        3         0
                intentry                              4        4        E         0
                reset_vec                             0        0        3         0
                text1425                           179B     179B       65         0
                text1424                            78A      78A       6F         0
                text1423                           174F     174F       4C         0
                text1422                           170A     170A       45         0
                text1421                            80B      80B       4F         0
                text1420                           1593     1593       2C         0
                text1419                           143D     143D        7         0
                text1418                           1444     1444        7         0
                text1417                           144B     144B        7         0
                text1416                           16CD     16CD       3D         0
                text1415                            85A      85A       AF         0
                text1414                             15       15       CD         0
                text1413                           1452     1452        7         0
                text1412                           1459     1459        7         0
                text1411                           1434     1434        3         0
                text1410                             FC       FC        3         0
                text1409                           1437     1437        6         0
                text1408                           1460     1460        7         0
                text1407                           146E     146E        9         0
                text1406                           14B0     14B0       16         0
                text1405                           1481     1481        C         0
                text1404                           148D     148D       10         0
                text1403                           1569     1569       2A         0
                text1402                           150E     150E       1A         0
                text1401                             E2       E2       1A         0
                text1400                           1548     1548       21         0
                text1399                           14DC     14DC       19         0
                text1398                            909      909       F7         0
                text1397                           14F5     14F5       19         0
                text1396                            800      800        B         0
                text1395                           1467     1467        7         0
                text1394                            7F9      7F9        7         0
                text1393                           1691     1691       3C         0
                text1392                           15EE     15EE       31         0
                text1391                           14C6     14C6       16         0
                text1390                           15BF     15BF       2F         0
                text1389                            3BD      3BD      1FC         0
                text1388                            5B9      5B9      1D1         0
                text1387                            A00      A00      154         0
                text1386                            CB0      CB0      19C         0
                text1385                            E4C      E4C      1B4         0
                text1384                           161F     161F       38         0
                text1383                           1657     1657       3A         0
                maintext                            B54      B54      15C         0
                inittext                           149D     149D       13         0
                cinit                              1528     1528       20         0
                idataBANK1                         1477     1477        A         0

        CLASS   STRCODE        
                stringtext                          100      100      2BD         0

        CLASS   ENTRY          

        CLASS   STRING         

        CLASS   COMMON         
                cstackCOMMON                         70       70        7         1
                bssCOMMON                            77       77        3         1

        CLASS   BANK0          
                cstackBANK0                          20       20       3F         1
                bssBANK0                             5F       5F        B         1

        CLASS   BANK1          
                dataBANK1                            A0       A0        A         1

        CLASS   BANK2          

        CLASS   BANK3          

        CLASS   RAM            

        CLASS   ABS1           
                abs_s1                               7E       7E        2         1

        CLASS   SFR0           

        CLASS   SFR1           

        CLASS   SFR2           

        CLASS   SFR3           

        CLASS   CONFIG         
                config                             2007     2007        1         0

        CLASS   IDLOC          

        CLASS   EEDATA         



SEGMENTS        Name                           Load    Length   Top    Selector   Space  Class     Delta

                reset_vec                      000000  000003  000003         0       0  CODE        2
                intentry                       000004  0000FB  0000FF         8       0  CODE        2
                cstackBANK0                    000020  00004A  00006A        20       1  BANK0       1
                cstackCOMMON                   000070  00000A  00007A        70       1  COMMON      1
                dataBANK1                      0000A0  00000A  0000AA        A0       1  BANK1       1
                stringtext                     000100  0002BD  0003BD         2       0  STRCODE     2
                text1389                       0003BD  000443  000800       77A       0  CODE        2
                text1396                       000800  00000B  00080B      1000       0  CODE        2
                text1421                       00080B  00004F  00085A      1016       0  CODE        2
                text1415                       00085A  0000AF  000909      10B4       0  CODE        2
                text1398                       000909  0000F7  000A00      1212       0  CODE        2
                text1387                       000A00  000154  000B54      1400       0  CODE        2
                maintext                       000B54  00015C  000CB0      16A8       0  CODE        2
                text1386                       000CB0  00019C  000E4C      1960       0  CODE        2
                text1385                       000E4C  0001B4  001000      1C98       0  CODE        2
                text1411                       001434  000003  001437      2868       0  CODE        2
                text1409                       001437  000006  00143D      286E       0  CODE        2
                text1419                       00143D  000007  001444      287A       0  CODE        2
                text1418                       001444  000007  00144B      2888       0  CODE        2
                text1417                       00144B  000007  001452      2896       0  CODE        2
                text1413                       001452  000007  001459      28A4       0  CODE        2
                text1412                       001459  000007  001460      28B2       0  CODE        2
                text1408                       001460  000007  001467      28C0       0  CODE        2
                text1395                       001467  000007  00146E      28CE       0  CODE        2
                text1407                       00146E  000009  001477      28DC       0  CODE        2
                idataBANK1                     001477  00000A  001481      28EE       0  CODE        2
                text1405                       001481  00000C  00148D      2902       0  CODE        2
                text1404                       00148D  000010  00149D      291A       0  CODE        2
                inittext                       00149D  000013  0014B0      293A       0  CODE        2
                text1406                       0014B0  000016  0014C6      2960       0  CODE        2
                text1391                       0014C6  000016  0014DC      298C       0  CODE        2
                text1399                       0014DC  000019  0014F5      29B8       0  CODE        2
                text1397                       0014F5  000019  00150E      29EA       0  CODE        2
                text1402                       00150E  00001A  001528      2A1C       0  CODE        2
                cinit                          001528  000020  001548      2A50       0  CODE        2
                text1400                       001548  000021  001569      2A90       0  CODE        2
                text1403                       001569  00002A  001593      2AD2       0  CODE        2
                text1420                       001593  00002C  0015BF      2B26       0  CODE        2
                text1390                       0015BF  00002F  0015EE      2B7E       0  CODE        2
                text1392                       0015EE  000031  00161F      2BDC       0  CODE        2
                text1384                       00161F  000038  001657      2C3E       0  CODE        2
                text1383                       001657  00003A  001691      2CAE       0  CODE        2
                text1393                       001691  00003C  0016CD      2D22       0  CODE        2
                text1416                       0016CD  00003D  00170A      2D9A       0  CODE        2
                text1422                       00170A  000045  00174F      2E14       0  CODE        2
                text1423                       00174F  00004C  00179B      2E9E       0  CODE        2
                text1425                       00179B  000065  001800      2F36       0  CODE        2
                config                         002007  000001  002008      400E       0  CONFIG      2


UNUSED ADDRESS RANGES

        Name                Unused          Largest block    Delta
        BANK0            006A-006F              6           1
        BANK1            00AA-00EF             46           1
        BANK2            0110-016F             60           1
        BANK3            0190-01EF             60           1
        CODE             0003-0003              1           2
                         00FF-00FF              1
                         1000-1433            434
                         1800-1FFF            800
        COMMON           007A-007D              4           1
        CONST            0003-0003              1           2
                         00FF-00FF              1
                         1000-1433            100
                         1800-1FFF            100
        EEDATA           2100-21FF            100           2
        ENTRY            0003-0003              1           2
                         00FF-00FF              1
                         1000-1433            100
                         1800-1FFF            100
        IDLOC            2000-2003              4           2
        RAM              006A-006F              6           1
                         00AA-00EF             46
                         0110-016F             60
                         0190-01EF             60
        SFR0             0000-001F             20           1
        SFR1             0080-009F             20           1
        SFR2             0100-010F             10           1
        SFR3             0180-018F             10           1
        STRCODE          0003-0003              1           2
                         00FF-00FF              1
                         1000-1433            434
                         1800-1FFF            800
        STRING           0003-0003              1           2
                         00FF-00FF              1
                         1000-1433            100
                         1800-1FFF            100

                                  Symbol Table

?___lldiv                    cstackBANK0  002D
?___lmul                     cstackBANK0  0020
?___lwdiv                    cstackBANK0  0020
?___lwmod                    cstackBANK0  0020
?___wmul                     cstackBANK0  0020
?_delay_ms                   cstackBANK0  0020
?_lcd_dis_num                cstackBANK0  0029
?_lcd_string                 cstackBANK0  0029
?_read_adc                   cstackBANK0  003B
?_uart_string                cstackBANK0  0021
?_uart_string_nl             cstackBANK0  0023
?_us_value                   cstackBANK0  004D
SKPS_PScon@down_v            cstackBANK0  002E
SKPS_PScon@left_v            cstackBANK0  002F
SKPS_PScon@right_v           cstackBANK0  0030
SKPS_PScon@up_v              cstackBANK0  002D
_ADCON0                      (abs)        001F
_ADCON1                      (abs)        009F
_ADON                        (abs)        00F8
_ADRESH                      (abs)        001E
_ADRESL                      (abs)        009E
_AS                          stringtext   0156
_BRGH                        (abs)        04C2
_CCP1CON                     (abs)        0017
_CCP2CON                     (abs)        001D
_CCPR1L                      (abs)        0015
_CCPR2L                      (abs)        001B
_CREN                        (abs)        00C4
_GIE                         (abs)        005F
_GO_DONE                     (abs)        00FA
_OERR                        (abs)        00C1
_PEIE                        (abs)        005E
_PORTA                       (abs)        0005
_PORTB                       (abs)        0006
_PORTC                       (abs)        0007
_PORTD                       (abs)        0008
_PORTE                       (abs)        0009
_PR2                         (abs)        0092
_RB0                         (abs)        0030
_RB1                         (abs)        0031
_RB2                         (abs)        0032
_RB3                         (abs)        0033
_RB4                         (abs)        0034
_RB5                         (abs)        0035
_RB6                         (abs)        0036
_RB7                         (abs)        0037
_RBIE                        (abs)        005B
_RBIF                        (abs)        0058
_RC0                         (abs)        0038
_RC3                         (abs)        003B
_RC4                         (abs)        003C
_RC5                         (abs)        003D
_RCIE                        (abs)        0465
_RCIF                        (abs)        0065
_RCREG                       (abs)        001A
_RE0                         (abs)        0048
_RE1                         (abs)        0049
_RE2                         (abs)        004A
_RX9                         (abs)        00C6
_SKPS                        stringtext   01AA
_SKPS_PScon                  text1389     03BD
_SPBRG                       (abs)        0099
_SPEN                        (abs)        00C7
_T1CON                       (abs)        0010
_T2CON                       (abs)        0012
_TMR1H                       (abs)        000F
_TMR1IE                      (abs)        0460
_TMR1L                       (abs)        000E
_TMR1ON                      (abs)        0080
_TRISA                       (abs)        0085
_TRISB                       (abs)        0086
_TRISC                       (abs)        0087
_TRISD                       (abs)        0088
_TRISE                       (abs)        0089
_TX9                         (abs)        04C6
_TXEN                        (abs)        04C5
_TXIF                        (abs)        0064
_TXREG                       (abs)        0019
_US                          stringtext   0112
_XB                          stringtext   01A1
__CFG_BOREN$OFF              (abs)        0000
__CFG_CP$OFF                 (abs)        0000
__CFG_CPD$OFF                (abs)        0000
__CFG_FOSC$HS                (abs)        0000
__CFG_LVP$OFF                (abs)        0000
__CFG_PWRTE$ON               (abs)        0000
__CFG_WDTE$OFF               (abs)        0000
__CFG_WRT$OFF                (abs)        0000
__Habs1                      abs1         0000
__Hbank0                     bank0        0000
__Hbank1                     bank1        0000
__Hbank2                     bank2        0000
__Hbank3                     bank3        0000
__HbssBANK0                  bssBANK0     0000
__HbssCOMMON                 bssCOMMON    0000
__Hcinit                     cinit        0000
__Hclrtext                   clrtext      0000
__Hcode                      code         0000
__Hcommon                    common       0000
__Hconfig                    config       2008
__HcstackBANK0               cstackBANK0  0000
__HcstackCOMMON              cstackCOMMON 0000
__HdataBANK1                 dataBANK1    0000
__Heeprom_data               eeprom_data  0000
__Hend_init                  end_init     0015
__Hfunctab                   functab      0000
__HidataBANK1                idataBANK1   0000
__Hidloc                     idloc        0000
__Hinit                      init         0012
__Hinittext                  inittext     0000
__Hintentry                  intentry     0012
__Hmaintext                  maintext     0000
__Hpowerup                   powerup      0000
__Hram                       ram          0000
__Hreset_vec                 reset_vec    0003
__Hsfr0                      sfr0         0000
__Hsfr1                      sfr1         0000
__Hsfr2                      sfr2         0000
__Hsfr3                      sfr3         0000
__Hstrings                   strings      0000
__Hstringtext                stringtext   0000
__Htext                      text         0000
__Labs1                      abs1         0000
__Lbank0                     bank0        0000
__Lbank1                     bank1        0000
__Lbank2                     bank2        0000
__Lbank3                     bank3        0000
__LbssBANK0                  bssBANK0     0000
__LbssCOMMON                 bssCOMMON    0000
__Lcinit                     cinit        0000
__Lclrtext                   clrtext      0000
__Lcode                      code         0000
__Lcommon                    common       0000
__Lconfig                    config       2007
__LcstackBANK0               cstackBANK0  0000
__LcstackCOMMON              cstackCOMMON 0000
__LdataBANK1                 dataBANK1    0000
__Leeprom_data               eeprom_data  0000
__Lend_init                  end_init     0012
__Lfunctab                   functab      0000
__LidataBANK1                idataBANK1   0000
__Lidloc                     idloc        0000
__Linit                      init         0012
__Linittext                  inittext     0000
__Lintentry                  intentry     0004
__Lmaintext                  maintext     0000
__Lpowerup                   powerup      0000
__Lram                       ram          0000
__Lreset_vec                 reset_vec    0000
__Lsfr0                      sfr0         0000
__Lsfr1                      sfr1         0000
__Lsfr2                      sfr2         0000
__Lsfr3                      sfr3         0000
__Lstrings                   strings      0000
__Lstringtext                stringtext   0000
__Ltext                      text         0000
__S0                         (abs)        2008
__S1                         (abs)        00AA
__S2                         (abs)        0000
___lldiv                     text1424     078A
___lldiv@counter             cstackBANK0  003A
___lldiv@dividend            cstackBANK0  0031
___lldiv@divisor             cstackBANK0  002D
___lldiv@quotient            cstackBANK0  0036
___lmul                      text1423     174F
___lmul@multiplicand         cstackBANK0  0024
___lmul@multiplier           cstackBANK0  0020
___lmul@product              cstackBANK0  0029
___lwdiv                     text1421     080B
___lwdiv@counter             cstackBANK0  0027
___lwdiv@dividend            cstackBANK0  0022
___lwdiv@divisor             cstackBANK0  0020
___lwdiv@quotient            cstackBANK0  0025
___lwmod                     text1422     170A
___lwmod@counter             cstackBANK0  0025
___lwmod@dividend            cstackBANK0  0022
___lwmod@divisor             cstackBANK0  0020
___wmul                      text1420     1593
___wmul@multiplicand         cstackBANK0  0022
___wmul@multiplier           cstackBANK0  0020
___wmul@product              cstackBANK0  0024
__end_of_AS                  stringtext   0166
__end_of_SKPS                stringtext   01B1
__end_of_SKPS_PScon          text1389     05B9
__end_of_US                  stringtext   0123
__end_of_XB                  stringtext   01AA
__end_of___lldiv             text1424     07F9
__end_of___lmul              text1423     179B
__end_of___lwdiv             text1421     085A
__end_of___lwmod             text1422     174F
__end_of___wmul              text1420     15BF
__end_of__initialization     cinit        1544
__end_of__stringdata         stringtext   03BD
__end_of__stringtab          stringtext   0112
__end_of_adc_init            text1407     1477
__end_of_analog_sen          text1387     0B54
__end_of_backward            text1417     1452
__end_of_beep                text1390     15EE
__end_of_code_version        stringtext   0134
__end_of_cytron_tech         stringtext   0193
__end_of_cytron_website      stringtext   0185
__end_of_delay_ms            text1416     170A
__end_of_disable_global_int  text1411     1437
__end_of_diy_project         stringtext   0176
__end_of_e_pulse             text1400     1569
__end_of_enable_global_int   text1410     00FF
__end_of_forward             text1413     1459
__end_of_init                text1383     1691
__end_of_interrupt_init      text1409     143D
__end_of_isr                 text1425     1800
__end_of_lcd_2ndline         text1394     0800
__end_of_lcd_char            text1399     14F5
__end_of_lcd_clr             text1391     14DC
__end_of_lcd_clr_line        text1393     16CD
__end_of_lcd_config          text1397     150E
__end_of_lcd_dis_num         text1398     0A00
__end_of_lcd_goto            text1396     080B
__end_of_lcd_home            text1395     146E
__end_of_lcd_init            text1384     1657
__end_of_lcd_string          text1392     161F
__end_of_left                text1419     1444
__end_of_line                stringtext   0145
__end_of_line_follow         text1385     1000
__end_of_main                maintext     0CB0
__end_of_multifunction_robot stringtext   0156
__end_of_pr23_rev            stringtext   01A1
__end_of_read_adc            text1415     0909
__end_of_right               text1418     144B
__end_of_skps                text1404     149D
__end_of_stop                text1412     1460
__end_of_timer1_init         text1408     1467
__end_of_uart_init           text1401     00FC
__end_of_uart_rec            text1406     14C6
__end_of_uart_send           text1405     148D
__end_of_uart_string         text1403     1593
__end_of_uart_string_nl      text1402     1528
__end_of_ultrasonic          text1386     0E4C
__end_of_us_value            text1414     00E2
__end_of_wireless_xbee       text1388     078A
__initialization             cinit        1528
__pbssBANK0                  bssBANK0     005F
__pbssCOMMON                 bssCOMMON    0077
__pcstackBANK0               cstackBANK0  0020
__pcstackCOMMON              cstackCOMMON 0070
__pdataBANK1                 dataBANK1    00A0
__pidataBANK1                idataBANK1   1477
__pintentry                  intentry     0004
__pmaintext                  maintext     0B54
__pstringtext                stringtext   0100
__ptext1383                  text1383     1657
__ptext1384                  text1384     161F
__ptext1385                  text1385     0E4C
__ptext1386                  text1386     0CB0
__ptext1387                  text1387     0A00
__ptext1388                  text1388     05B9
__ptext1389                  text1389     03BD
__ptext1390                  text1390     15BF
__ptext1391                  text1391     14C6
__ptext1392                  text1392     15EE
__ptext1393                  text1393     1691
__ptext1394                  text1394     07F9
__ptext1395                  text1395     1467
__ptext1396                  text1396     0800
__ptext1397                  text1397     14F5
__ptext1398                  text1398     0909
__ptext1399                  text1399     14DC
__ptext1400                  text1400     1548
__ptext1401                  text1401     00E2
__ptext1402                  text1402     150E
__ptext1403                  text1403     1569
__ptext1404                  text1404     148D
__ptext1405                  text1405     1481
__ptext1406                  text1406     14B0
__ptext1407                  text1407     146E
__ptext1408                  text1408     1460
__ptext1409                  text1409     1437
__ptext1410                  text1410     00FC
__ptext1411                  text1411     1434
__ptext1412                  text1412     1459
__ptext1413                  text1413     1452
__ptext1414                  text1414     0015
__ptext1415                  text1415     085A
__ptext1416                  text1416     16CD
__ptext1417                  text1417     144B
__ptext1418                  text1418     1444
__ptext1419                  text1419     143D
__ptext1420                  text1420     1593
__ptext1421                  text1421     080B
__ptext1422                  text1422     170A
__ptext1423                  text1423     174F
__ptext1424                  text1424     078A
__ptext1425                  text1425     179B
__ptext1426                  text1426     0000
__size_of_SKPS_PScon         (abs)        0000
__size_of___lldiv            (abs)        0000
__size_of___lmul             (abs)        0000
__size_of___lwdiv            (abs)        0000
__size_of___lwmod            (abs)        0000
__size_of___wmul             (abs)        0000
__size_of_adc_init           (abs)        0000
__size_of_analog_sen         (abs)        0000
__size_of_backward           (abs)        0000
__size_of_beep               (abs)        0000
__size_of_delay_ms           (abs)        0000
__size_of_disable_global_int (abs)        0000
__size_of_e_pulse            (abs)        0000
__size_of_enable_global_int  (abs)        0000
__size_of_forward            (abs)        0000
__size_of_init               (abs)        0000
__size_of_interrupt_init     (abs)        0000
__size_of_isr                (abs)        0000
__size_of_lcd_2ndline        (abs)        0000
__size_of_lcd_char           (abs)        0000
__size_of_lcd_clr            (abs)        0000
__size_of_lcd_clr_line       (abs)        0000
__size_of_lcd_config         (abs)        0000
__size_of_lcd_dis_num        (abs)        0000
__size_of_lcd_goto           (abs)        0000
__size_of_lcd_home           (abs)        0000
__size_of_lcd_init           (abs)        0000
__size_of_lcd_string         (abs)        0000
__size_of_left               (abs)        0000
__size_of_line_follow        (abs)        0000
__size_of_main               (abs)        0000
__size_of_read_adc           (abs)        0000
__size_of_right              (abs)        0000
__size_of_skps               (abs)        0000
__size_of_stop               (abs)        0000
__size_of_timer1_init        (abs)        0000
__size_of_uart_init          (abs)        0000
__size_of_uart_rec           (abs)        0000
__size_of_uart_send          (abs)        0000
__size_of_uart_string        (abs)        0000
__size_of_uart_string_nl     (abs)        0000
__size_of_ultrasonic         (abs)        0000
__size_of_us_value           (abs)        0000
__size_of_wireless_xbee      (abs)        0000
__stringdata                 stringtext   01B1
__stringtab                  stringtext   0100
_adc_init                    text1407     146E
_analog_sen                  text1387     0A00
_backward                    text1417     144B
_beep                        text1390     15BF
_code_version                stringtext   0123
_cytron_tech                 stringtext   0185
_cytron_website              stringtext   0176
_data                        bssBANK0     005F
_delay_ms                    text1416     16CD
_disable_global_int          text1411     1434
_diy_project                 stringtext   0166
_e_pulse                     text1400     1548
_enable_global_int           text1410     00FC
_forward                     text1413     1452
_init                        text1383     1657
_interrupt_init              text1409     1437
_isr                         text1425     179B
_lcd_2ndline                 text1394     07F9
_lcd_char                    text1399     14DC
_lcd_clr                     text1391     14C6
_lcd_clr_line                text1393     1691
_lcd_config                  text1397     14F5
_lcd_dis_num                 text1398     0909
_lcd_goto                    text1396     0800
_lcd_home                    text1395     1467
_lcd_init                    text1384     161F
_lcd_string                  text1392     15EE
_left                        text1419     143D
_line                        stringtext   0134
_line_follow                 text1385     0E4C
_main                        maintext     0B54
_mode_string                 dataBANK1    00A0
_multifunction_robot         stringtext   0145
_pr23_rev                    stringtext   0193
_pulse_width                 bssCOMMON    0077
_read_adc                    text1415     085A
_right                       text1418     1444
_skps                        text1404     148D
_stop                        text1412     1459
_timer1_init                 text1408     1460
_uart_init                   text1401     00E2
_uart_rec                    text1406     14B0
_uart_send                   text1405     1481
_uart_string                 text1403     1569
_uart_string_nl              text1402     150E
_ultrasonic                  text1386     0CB0
_us_value                    text1414     0015
_wireless_xbee               text1388     05B9
analog_sen@distance          cstackBANK0  0051
analog_sen@voltage           cstackBANK0  0052
beep@count                   cstackBANK0  0028
btemp                        (abs)        007E
delay_ms@data                cstackBANK0  0020
end_of_initialization        cinit        1544
init_fetch                   inittext     149D
init_ram                     inittext     14A1
interrupt_function           intentry     0004
intlevel0                    functab      0000
intlevel1                    functab      0000
intlevel2                    functab      0000
intlevel3                    functab      0000
intlevel4                    functab      0000
intlevel5                    functab      0000
isr@i                        bssCOMMON    0079
isr@receive_data             cstackCOMMON 0076
lcd_char@data                cstackBANK0  0028
lcd_clr_line@i               cstackBANK0  002B
lcd_clr_line@line            cstackBANK0  002A
lcd_config@data              cstackBANK0  0028
lcd_dis_num@F1209            bssBANK0     0065
lcd_dis_num@base             cstackBANK0  0033
lcd_dis_num@digit            cstackBANK0  002C
lcd_dis_num@i                cstackBANK0  0036
lcd_dis_num@j                cstackBANK0  0035
lcd_dis_num@non_zero         cstackBANK0  0031
lcd_dis_num@num_digit        cstackBANK0  0032
lcd_dis_num@value            cstackBANK0  0029
lcd_goto@data                cstackBANK0  0029
lcd_string@s                 cstackBANK0  0029
line_follow@memory           cstackBANK0  002C
main@i                       cstackBANK0  005D
main@mode                    cstackBANK0  005E
read_adc@channel             cstackBANK0  0045
read_adc@i                   cstackBANK0  0046
read_adc@result              cstackBANK0  0047
read_adc@temp_result         cstackBANK0  004B
reset_vec                    reset_vec    0000
saved_w                      (abs)        007E
skps@data                    cstackBANK0  0021
start                        init         0012
start_initialization         cinit        1528
uart_send@data               cstackBANK0  0020
uart_string@string           cstackBANK0  0021
uart_string_nl@string        cstackBANK0  0023
ultrasonic@distance          cstackBANK0  005A
ultrasonic@ez1_mode          cstackBANK0  0059
us_value@mode                cstackBANK0  0053
us_value@value               cstackBANK0  0054
wireless_xbee@uart_data      cstackBANK0  002D
wtemp0                       (abs)        007E


FUNCTION INFORMATION:

 *************** function _main *****************
 Defined at:
		line 231 in file "PR23.c"
 Parameters:    Size  Location     Type
		None
 Auto vars:     Size  Location     Type
  mode            1   62[BANK0 ] unsigned char 
  i               1   61[BANK0 ] unsigned char 
 Return value:  Size  Location     Type
		None               void
 Registers used:
		wreg, fsr0l, fsr0h, fsr1l, fsr1h, status,2, status,0, btemp+1, pclath, cstack
 Tracked objects:
		On entry : 
		On exit  : 
		Unchanged: 
 Data sizes:     COMMON   BANK0   BANK1   BANK3   BANK2
      Params:         0       0       0       0       0
      Locals:         0       2       0       0       0
      Temps:          0       1       0       0       0
      Totals:         0       3       0       0       0
Total ram usage:        3 bytes
 Hardware stack levels required when called:    7
 This function calls:
		_init
		_lcd_init
		_beep
		_lcd_clr
		_lcd_string
		_lcd_2ndline
		_delay_ms
		_lcd_clr_line
		_lcd_home
		_line_follow
		_ultrasonic
		_analog_sen
		_wireless_xbee
		_SKPS_PScon
 This function is called by:
		Startup code after reset
 This function uses a non-reentrant model


 *************** function _init *****************
 Defined at:
		line 599 in file "PR23.c"
 Parameters:    Size  Location     Type
		None
 Auto vars:     Size  Location     Type
		None
 Return value:  Size  Location     Type
		None               void
 Registers used:
		wreg, fsr0l, fsr0h, fsr1l, fsr1h, status,2, status,0, btemp+1, pclath, cstack
 Tracked objects:
		On entry : 
		On exit  : 
		Unchanged: 
 Data sizes:     COMMON   BANK0   BANK1   BANK3   BANK2
      Params:         0       0       0       0       0
      Locals:         0       0       0       0       0
      Temps:          0       0       0       0       0
      Totals:         0       0       0       0       0
Total ram usage:        0 bytes
 Hardware stack levels used:    1
 Hardware stack levels required when called:    5
 This function calls:
		_adc_init
		_interrupt_init
		_disable_global_int
		_lcd_init
		_stop
 This function is called by:
		_main
 This function uses a non-reentrant model


 *************** function _lcd_init *****************
 Defined at:
		line 332 in file "PR23.c"
 Parameters:    Size  Location     Type
		None
 Auto vars:     Size  Location     Type
		None
 Return value:  Size  Location     Type
		None               void
 Registers used:
		wreg, status,2, status,0, pclath, cstack
 Tracked objects:
		On entry : 
		On exit  : 
		Unchanged: 
 Data sizes:     COMMON   BANK0   BANK1   BANK3   BANK2
      Params:         0       0       0       0       0
      Locals:         0       0       0       0       0
      Temps:          0       0       0       0       0
      Totals:         0       0       0       0       0
Total ram usage:        0 bytes
 Hardware stack levels used:    1
 Hardware stack levels required when called:    4
 This function calls:
		_delay_ms
		_lcd_config
 This function is called by:
		_main
		_init
 This function uses a non-reentrant model


 *************** function _line_follow *****************
 Defined at:
		line 639 in file "PR23.c"
 Parameters:    Size  Location     Type
		None
 Auto vars:     Size  Location     Type
  memory          1   12[BANK0 ] unsigned char 
 Return value:  Size  Location     Type
		None               void
 Registers used:
		wreg, fsr0l, fsr0h, status,2, status,0, btemp+1, pclath, cstack
 Tracked objects:
		On entry : 
		On exit  : 
		Unchanged: 
 Data sizes:     COMMON   BANK0   BANK1   BANK3   BANK2
      Params:         0       0       0       0       0
      Locals:         0       1       0       0       0
      Temps:          0       1       0       0       0
      Totals:         0       2       0       0       0
Total ram usage:        2 bytes
 Hardware stack levels used:    1
 Hardware stack levels required when called:    5
 This function calls:
		_lcd_clr
		_lcd_string
		_forward
		_lcd_2ndline
 This function is called by:
		_main
 This function uses a non-reentrant model


 *************** function _ultrasonic *****************
 Defined at:
		line 743 in file "PR23.c"
 Parameters:    Size  Location     Type
		None
 Auto vars:     Size  Location     Type
  distance        2   58[BANK0 ] unsigned int 
  ez1_mode        1   57[BANK0 ] unsigned char 
 Return value:  Size  Location     Type
		None               void
 Registers used:
		wreg, fsr0l, fsr0h, fsr1l, fsr1h, status,2, status,0, btemp+1, pclath, cstack
 Tracked objects:
		On entry : 
		On exit  : 
		Unchanged: 
 Data sizes:     COMMON   BANK0   BANK1   BANK3   BANK2
      Params:         0       0       0       0       0
      Locals:         0       3       0       0       0
      Temps:          0       1       0       0       0
      Totals:         0       4       0       0       0
Total ram usage:        4 bytes
 Hardware stack levels used:    1
 Hardware stack levels required when called:    6
 This function calls:
		_lcd_clr
		_lcd_string
		_lcd_goto
		_lcd_2ndline
		_beep
		_lcd_clr_line
		_timer1_init
		_enable_global_int
		_uart_init
		_delay_ms
		_disable_global_int
		_us_value
		_stop
		_lcd_dis_num
		_forward
		_backward
 This function is called by:
		_main
 This function uses a non-reentrant model


 *************** function _analog_sen *****************
 Defined at:
		line 861 in file "PR23.c"
 Parameters:    Size  Location     Type
		None
 Auto vars:     Size  Location     Type
  voltage         4   50[BANK0 ] unsigned long 
  distance        1   49[BANK0 ] unsigned char 
 Return value:  Size  Location     Type
		None               void
 Registers used:
		wreg, fsr0l, fsr0h, status,2, status,0, btemp+1, pclath, cstack
 Tracked objects:
		On entry : 
		On exit  : 
		Unchanged: 
 Data sizes:     COMMON   BANK0   BANK1   BANK3   BANK2
      Params:         0       0       0       0       0
      Locals:         0       5       0       0       0
      Temps:          0       4       0       0       0
      Totals:         0       9       0       0       0
Total ram usage:        9 bytes
 Hardware stack levels used:    1
 Hardware stack levels required when called:    5
 This function calls:
		_lcd_clr
		_lcd_string
		_lcd_2ndline
		_lcd_goto
		_read_adc
		___lmul
		___lldiv
		_lcd_dis_num
		_lcd_char
		_backward
		_stop
		_forward
 This function is called by:
		_main
 This function uses a non-reentrant model


 *************** function _wireless_xbee *****************
 Defined at:
		line 941 in file "PR23.c"
 Parameters:    Size  Location     Type
		None
 Auto vars:     Size  Location     Type
  uart_data       1   13[BANK0 ] unsigned char 
 Return value:  Size  Location     Type
		None               void
 Registers used:
		wreg, fsr0l, fsr0h, fsr1l, fsr1h, status,2, status,0, btemp+1, pclath, cstack
 Tracked objects:
		On entry : 
		On exit  : 
		Unchanged: 
 Data sizes:     COMMON   BANK0   BANK1   BANK3   BANK2
      Params:         0       0       0       0       0
      Locals:         0       1       0       0       0
      Temps:          0       1       0       0       0
      Totals:         0       2       0       0       0
Total ram usage:        2 bytes
 Hardware stack levels used:    1
 Hardware stack levels required when called:    6
 This function calls:
		_disable_global_int
		_uart_init
		_lcd_clr
		_lcd_string
		_lcd_2ndline
		_delay_ms
		_lcd_clr_line
		_uart_rec
		_beep
		_uart_string_nl
		_stop
		_forward
		_lcd_goto
		_backward
		_right
		_left
 This function is called by:
		_main
 This function uses a non-reentrant model


 *************** function _SKPS_PScon *****************
 Defined at:
		line 1025 in file "PR23.c"
 Parameters:    Size  Location     Type
		None
 Auto vars:     Size  Location     Type
  right_v         1   16[BANK0 ] unsigned char 
  left_v          1   15[BANK0 ] unsigned char 
  down_v          1   14[BANK0 ] unsigned char 
  up_v            1   13[BANK0 ] unsigned char 
 Return value:  Size  Location     Type
		None               void
 Registers used:
		wreg, fsr0l, fsr0h, fsr1l, fsr1h, status,2, status,0, btemp+1, pclath, cstack
 Tracked objects:
		On entry : 
		On exit  : 
		Unchanged: 
 Data sizes:     COMMON   BANK0   BANK1   BANK3   BANK2
      Params:         0       0       0       0       0
      Locals:         0       4       0       0       0
      Temps:          0       1       0       0       0
      Totals:         0       5       0       0       0
Total ram usage:        5 bytes
 Hardware stack levels used:    1
 Hardware stack levels required when called:    6
 This function calls:
		_disable_global_int
		_stop
		_lcd_clr
		_lcd_string
		_lcd_2ndline
		_delay_ms
		_lcd_clr_line
		_lcd_goto
		_uart_init
		_beep
		_skps
		_forward
		_backward
		_left
		_right
 This function is called by:
		_main
 This function uses a non-reentrant model


 *************** function _beep *****************
 Defined at:
		line 319 in file "PR23.c"
 Parameters:    Size  Location     Type
  count           1    wreg     unsigned char 
 Auto vars:     Size  Location     Type
  count           1    8[BANK0 ] unsigned char 
 Return value:  Size  Location     Type
		None               void
 Registers used:
		wreg, status,2, status,0, pclath, cstack
 Tracked objects:
		On entry : 
		On exit  : 
		Unchanged: 
 Data sizes:     COMMON   BANK0   BANK1   BANK3   BANK2
      Params:         0       0       0       0       0
      Locals:         0       1       0       0       0
      Temps:          0       0       0       0       0
      Totals:         0       1       0       0       0
Total ram usage:        1 bytes
 Hardware stack levels used:    1
 Hardware stack levels required when called:    2
 This function calls:
		_delay_ms
 This function is called by:
		_main
		_ultrasonic
		_wireless_xbee
		_SKPS_PScon
 This function uses a non-reentrant model


 *************** function _lcd_clr *****************
 Defined at:
		line 385 in file "PR23.c"
 Parameters:    Size  Location     Type
		None
 Auto vars:     Size  Location     Type
		None
 Return value:  Size  Location     Type
		None               void
 Registers used:
		wreg, status,2, status,0, pclath, cstack
 Tracked objects:
		On entry : 
		On exit  : 
		Unchanged: 
 Data sizes:     COMMON   BANK0   BANK1   BANK3   BANK2
      Params:         0       0       0       0       0
      Locals:         0       0       0       0       0
      Temps:          0       0       0       0       0
      Totals:         0       0       0       0       0
Total ram usage:        0 bytes
 Hardware stack levels used:    1
 Hardware stack levels required when called:    4
 This function calls:
		_lcd_config
		_delay_ms
 This function is called by:
		_main
		_line_follow
		_ultrasonic
		_analog_sen
		_wireless_xbee
		_SKPS_PScon
 This function uses a non-reentrant model


 *************** function _lcd_string *****************
 Defined at:
		line 399 in file "PR23.c"
 Parameters:    Size  Location     Type
  s               2    9[BANK0 ] PTR const unsigned char 
		 -> STR_49(7), STR_48(10), STR_47(13), STR_46(15), 
		 -> STR_44(16), STR_42(10), STR_40(11), STR_38(9), 
		 -> STR_36(8), STR_28(18), STR_27(15), STR_26(10), 
		 -> STR_25(16), STR_24(4), STR_23(3), STR_22(7), 
		 -> STR_21(15), STR_20(4), STR_19(5), STR_18(7), 
		 -> STR_17(5), STR_16(5), STR_15(5), STR_14(16), 
		 -> STR_13(4), STR_12(11), STR_11(8), STR_10(9), 
		 -> STR_9(11), STR_8(11), STR_7(8), STR_6(11), 
		 -> STR_5(11), STR_4(9), STR_3(8), STR_2(15), 
		 -> STR_1(16), code_version(17), pr23_rev(14), multifunction_robot(17), 
		 -> diy_project(16), cytron_website(15), cytron_tech(14), SKPS(7), 
		 -> XB(9), AS(16), US(17), line(17), 
 Auto vars:     Size  Location     Type
		None
 Return value:  Size  Location     Type
		None               void
 Registers used:
		wreg, fsr0l, fsr0h, status,2, status,0, btemp+1, pclath, cstack
 Tracked objects:
		On entry : 
		On exit  : 
		Unchanged: 
 Data sizes:     COMMON   BANK0   BANK1   BANK3   BANK2
      Params:         0       2       0       0       0
      Locals:         0       0       0       0       0
      Temps:          0       0       0       0       0
      Totals:         0       2       0       0       0
Total ram usage:        2 bytes
 Hardware stack levels used:    1
 Hardware stack levels required when called:    4
 This function calls:
		_lcd_char
 This function is called by:
		_main
		_line_follow
		_ultrasonic
		_analog_sen
		_wireless_xbee
		_SKPS_PScon
 This function uses a non-reentrant model


 *************** function _lcd_clr_line *****************
 Defined at:
		line 391 in file "PR23.c"
 Parameters:    Size  Location     Type
  line            1    wreg     unsigned char 
 Auto vars:     Size  Location     Type
  line            1   10[BANK0 ] unsigned char 
  i               1   11[BANK0 ] unsigned char 
 Return value:  Size  Location     Type
		None               void
 Registers used:
		wreg, fsr0l, fsr0h, fsr1l, fsr1h, status,2, status,0, btemp+1, pclath, cstack
 Tracked objects:
		On entry : 
		On exit  : 
		Unchanged: 
 Data sizes:     COMMON   BANK0   BANK1   BANK3   BANK2
      Params:         0       0       0       0       0
      Locals:         0       2       0       0       0
      Temps:          0       1       0       0       0
      Totals:         0       3       0       0       0
Total ram usage:        3 bytes
 Hardware stack levels used:    1
 Hardware stack levels required when called:    5
 This function calls:
		_lcd_home
		_lcd_2ndline
		_lcd_char
 This function is called by:
		_main
		_ultrasonic
		_wireless_xbee
		_SKPS_PScon
 This function uses a non-reentrant model


 *************** function _lcd_2ndline *****************
 Defined at:
		line 380 in file "PR23.c"
 Parameters:    Size  Location     Type
		None
 Auto vars:     Size  Location     Type
		None
 Return value:  Size  Location     Type
		None               void
 Registers used:
		wreg, status,2, status,0, pclath, cstack
 Tracked objects:
		On entry : 
		On exit  : 
		Unchanged: 
 Data sizes:     COMMON   BANK0   BANK1   BANK3   BANK2
      Params:         0       0       0       0       0
      Locals:         0       0       0       0       0
      Temps:          0       0       0       0       0
      Totals:         0       0       0       0       0
Total ram usage:        0 bytes
 Hardware stack levels used:    1
 Hardware stack levels required when called:    4
 This function calls:
		_lcd_config
 This function is called by:
		_main
		_lcd_clr_line
		_line_follow
		_ultrasonic
		_analog_sen
		_wireless_xbee
		_SKPS_PScon
 This function uses a non-reentrant model


 *************** function _lcd_home *****************
 Defined at:
		line 375 in file "PR23.c"
 Parameters:    Size  Location     Type
		None
 Auto vars:     Size  Location     Type
		None
 Return value:  Size  Location     Type
		None               void
 Registers used:
		wreg, status,2, status,0, pclath, cstack
 Tracked objects:
		On entry : 
		On exit  : 
		Unchanged: 
 Data sizes:     COMMON   BANK0   BANK1   BANK3   BANK2
      Params:         0       0       0       0       0
      Locals:         0       0       0       0       0
      Temps:          0       0       0       0       0
      Totals:         0       0       0       0       0
Total ram usage:        0 bytes
 Hardware stack levels used:    1
 Hardware stack levels required when called:    4
 This function calls:
		_lcd_config
 This function is called by:
		_main
		_lcd_clr_line
 This function uses a non-reentrant model


 *************** function _lcd_goto *****************
 Defined at:
		line 366 in file "PR23.c"
 Parameters:    Size  Location     Type
  data            1    wreg     unsigned char 
 Auto vars:     Size  Location     Type
  data            1    9[BANK0 ] unsigned char 
 Return value:  Size  Location     Type
		None               void
 Registers used:
		wreg, status,2, status,0, pclath, cstack
 Tracked objects:
		On entry : 
		On exit  : 
		Unchanged: 
 Data sizes:     COMMON   BANK0   BANK1   BANK3   BANK2
      Params:         0       0       0       0       0
      Locals:         0       1       0       0       0
      Temps:          0       0       0       0       0
      Totals:         0       1       0       0       0
Total ram usage:        1 bytes
 Hardware stack levels used:    1
 Hardware stack levels required when called:    4
 This function calls:
		_lcd_config
 This function is called by:
		_ultrasonic
		_analog_sen
		_wireless_xbee
		_SKPS_PScon
 This function uses a non-reentrant model


 *************** function _lcd_config *****************
 Defined at:
		line 342 in file "PR23.c"
 Parameters:    Size  Location     Type
  data            1    wreg     unsigned char 
 Auto vars:     Size  Location     Type
  data            1    8[BANK0 ] unsigned char 
 Return value:  Size  Location     Type
		None               void
 Registers used:
		wreg, status,2, status,0, pclath, cstack
 Tracked objects:
		On entry : 
		On exit  : 
		Unchanged: 
 Data sizes:     COMMON   BANK0   BANK1   BANK3   BANK2
      Params:         0       0       0       0       0
      Locals:         0       1       0       0       0
      Temps:          0       0       0       0       0
      Totals:         0       1       0       0       0
Total ram usage:        1 bytes
 Hardware stack levels used:    1
 Hardware stack levels required when called:    3
 This function calls:
		_delay_ms
		_e_pulse
 This function is called by:
		_lcd_init
		_lcd_goto
		_lcd_home
		_lcd_2ndline
		_lcd_clr
 This function uses a non-reentrant model


 *************** function _lcd_dis_num *****************
 Defined at:
		line 404 in file "PR23.c"
 Parameters:    Size  Location     Type
  num_digit       1    wreg     unsigned char 
  value           2    9[BANK0 ] unsigned int 
 Auto vars:     Size  Location     Type
  num_digit       1   18[BANK0 ] unsigned char 
  digit           5   12[BANK0 ] unsigned char [5]
  base            2   19[BANK0 ] unsigned int 
  i               1   22[BANK0 ] unsigned char 
  j               1   21[BANK0 ] unsigned char 
  non_zero        1   17[BANK0 ] unsigned char 
 Return value:  Size  Location     Type
		None               void
 Registers used:
		wreg, fsr0l, fsr0h, status,2, status,0, pclath, cstack
 Tracked objects:
		On entry : 
		On exit  : 
		Unchanged: 
 Data sizes:     COMMON   BANK0   BANK1   BANK3   BANK2
      Params:         0       2       0       0       0
      Locals:         0      11       0       0       0
      Temps:          0       1       0       0       0
      Totals:         0      14       0       0       0
Total ram usage:       14 bytes
 Hardware stack levels used:    1
 Hardware stack levels required when called:    4
 This function calls:
		___lwdiv
		___lwmod
		_lcd_char
 This function is called by:
		_ultrasonic
		_analog_sen
 This function uses a non-reentrant model


 *************** function _lcd_char *****************
 Defined at:
		line 350 in file "PR23.c"
 Parameters:    Size  Location     Type
  data            1    wreg     unsigned char 
 Auto vars:     Size  Location     Type
  data            1    8[BANK0 ] unsigned char 
 Return value:  Size  Location     Type
		None               void
 Registers used:
		wreg, status,2, status,0, pclath, cstack
 Tracked objects:
		On entry : 
		On exit  : 
		Unchanged: 
 Data sizes:     COMMON   BANK0   BANK1   BANK3   BANK2
      Params:         0       0       0       0       0
      Locals:         0       1       0       0       0
      Temps:          0       0       0       0       0
      Totals:         0       1       0       0       0
Total ram usage:        1 bytes
 Hardware stack levels used:    1
 Hardware stack levels required when called:    3
 This function calls:
		_delay_ms
		_e_pulse
 This function is called by:
		_lcd_clr_line
		_lcd_string
		_lcd_dis_num
		_analog_sen
 This function uses a non-reentrant model


 *************** function _e_pulse *****************
 Defined at:
		line 358 in file "PR23.c"
 Parameters:    Size  Location     Type
		None
 Auto vars:     Size  Location     Type
		None
 Return value:  Size  Location     Type
		None               void
 Registers used:
		wreg, status,2, status,0, pclath, cstack
 Tracked objects:
		On entry : 
		On exit  : 
		Unchanged: 
 Data sizes:     COMMON   BANK0   BANK1   BANK3   BANK2
      Params:         0       0       0       0       0
      Locals:         0       0       0       0       0
      Temps:          0       0       0       0       0
      Totals:         0       0       0       0       0
Total ram usage:        0 bytes
 Hardware stack levels used:    1
 Hardware stack levels required when called:    2
 This function calls:
		_delay_ms
 This function is called by:
		_lcd_config
		_lcd_char
 This function uses a non-reentrant model


 *************** function _uart_init *****************
 Defined at:
		line 446 in file "PR23.c"
 Parameters:    Size  Location     Type
		None
 Auto vars:     Size  Location     Type
		None
 Return value:  Size  Location     Type
		None               void
 Registers used:
		wreg
 Tracked objects:
		On entry : 
		On exit  : 
		Unchanged: 
 Data sizes:     COMMON   BANK0   BANK1   BANK3   BANK2
      Params:         0       0       0       0       0
      Locals:         0       0       0       0       0
      Temps:          0       0       0       0       0
      Totals:         0       0       0       0       0
Total ram usage:        0 bytes
 Hardware stack levels used:    1
 Hardware stack levels required when called:    1
 This function calls:
		Nothing
 This function is called by:
		_ultrasonic
		_wireless_xbee
		_SKPS_PScon
 This function uses a non-reentrant model


 *************** function _uart_string_nl *****************
 Defined at:
		line 484 in file "PR23.c"
 Parameters:    Size  Location     Type
  string          2    3[BANK0 ] PTR const unsigned char 
		 -> STR_45(17), STR_43(11), STR_41(12), STR_39(10), 
		 -> STR_37(9), STR_35(33), STR_34(21), STR_33(22), 
		 -> STR_32(20), STR_31(19), STR_30(29), STR_29(10), 
 Auto vars:     Size  Location     Type
		None
 Return value:  Size  Location     Type
		None               void
 Registers used:
		wreg, fsr0l, fsr0h, status,2, status,0, btemp+1, pclath, cstack
 Tracked objects:
		On entry : 
		On exit  : 
		Unchanged: 
 Data sizes:     COMMON   BANK0   BANK1   BANK3   BANK2
      Params:         0       2       0       0       0
      Locals:         0       0       0       0       0
      Temps:          0       0       0       0       0
      Totals:         0       2       0       0       0
Total ram usage:        2 bytes
 Hardware stack levels used:    1
 Hardware stack levels required when called:    3
 This function calls:
		_uart_string
		_uart_send
 This function is called by:
		_wireless_xbee
 This function uses a non-reentrant model


 *************** function _uart_string *****************
 Defined at:
		line 474 in file "PR23.c"
 Parameters:    Size  Location     Type
  string          2    1[BANK0 ] PTR const unsigned char 
		 -> STR_45(17), STR_43(11), STR_41(12), STR_39(10), 
		 -> STR_37(9), STR_35(33), STR_34(21), STR_33(22), 
		 -> STR_32(20), STR_31(19), STR_30(29), STR_29(10), 
 Auto vars:     Size  Location     Type
		None
 Return value:  Size  Location     Type
		None               void
 Registers used:
		wreg, fsr0l, fsr0h, status,2, status,0, btemp+1, pclath, cstack
 Tracked objects:
		On entry : 
		On exit  : 
		Unchanged: 
 Data sizes:     COMMON   BANK0   BANK1   BANK3   BANK2
      Params:         0       2       0       0       0
      Locals:         0       0       0       0       0
      Temps:          0       0       0       0       0
      Totals:         0       2       0       0       0
Total ram usage:        2 bytes
 Hardware stack levels used:    1
 Hardware stack levels required when called:    2
 This function calls:
		_uart_send
 This function is called by:
		_uart_string_nl
 This function uses a non-reentrant model


 *************** function _skps *****************
 Defined at:
		line 509 in file "PR23.c"
 Parameters:    Size  Location     Type
  data            1    wreg     unsigned char 
 Auto vars:     Size  Location     Type
  data            1    1[BANK0 ] unsigned char 
 Return value:  Size  Location     Type
                  1    wreg      unsigned char 
 Registers used:
		wreg, status,2, status,0, pclath, cstack
 Tracked objects:
		On entry : 
		On exit  : 
		Unchanged: 
 Data sizes:     COMMON   BANK0   BANK1   BANK3   BANK2
      Params:         0       0       0       0       0
      Locals:         0       1       0       0       0
      Temps:          0       0       0       0       0
      Totals:         0       1       0       0       0
Total ram usage:        1 bytes
 Hardware stack levels used:    1
 Hardware stack levels required when called:    2
 This function calls:
		_uart_send
		_uart_rec
 This function is called by:
		_SKPS_PScon
 This function uses a non-reentrant model


 *************** function _uart_send *****************
 Defined at:
		line 467 in file "PR23.c"
 Parameters:    Size  Location     Type
  data            1    wreg     unsigned char 
 Auto vars:     Size  Location     Type
  data            1    0[BANK0 ] unsigned char 
 Return value:  Size  Location     Type
		None               void
 Registers used:
		wreg
 Tracked objects:
		On entry : 
		On exit  : 
		Unchanged: 
 Data sizes:     COMMON   BANK0   BANK1   BANK3   BANK2
      Params:         0       0       0       0       0
      Locals:         0       1       0       0       0
      Temps:          0       0       0       0       0
      Totals:         0       1       0       0       0
Total ram usage:        1 bytes
 Hardware stack levels used:    1
 Hardware stack levels required when called:    1
 This function calls:
		Nothing
 This function is called by:
		_uart_string
		_uart_string_nl
		_skps
		_skps_vibrate
 This function uses a non-reentrant model


 *************** function _uart_rec *****************
 Defined at:
		line 492 in file "PR23.c"
 Parameters:    Size  Location     Type
		None
 Auto vars:     Size  Location     Type
		None
 Return value:  Size  Location     Type
                  1    wreg      unsigned char 
 Registers used:
		wreg
 Tracked objects:
		On entry : 
		On exit  : 
		Unchanged: 
 Data sizes:     COMMON   BANK0   BANK1   BANK3   BANK2
      Params:         0       0       0       0       0
      Locals:         0       0       0       0       0
      Temps:          0       0       0       0       0
      Totals:         0       0       0       0       0
Total ram usage:        0 bytes
 Hardware stack levels used:    1
 Hardware stack levels required when called:    1
 This function calls:
		Nothing
 This function is called by:
		_skps
		_wireless_xbee
 This function uses a non-reentrant model


 *************** function _adc_init *****************
 Defined at:
		line 523 in file "PR23.c"
 Parameters:    Size  Location     Type
		None
 Auto vars:     Size  Location     Type
		None
 Return value:  Size  Location     Type
		None               void
 Registers used:
		wreg
 Tracked objects:
		On entry : 
		On exit  : 
		Unchanged: 
 Data sizes:     COMMON   BANK0   BANK1   BANK3   BANK2
      Params:         0       0       0       0       0
      Locals:         0       0       0       0       0
      Temps:          0       0       0       0       0
      Totals:         0       0       0       0       0
Total ram usage:        0 bytes
 Hardware stack levels used:    1
 Hardware stack levels required when called:    1
 This function calls:
		Nothing
 This function is called by:
		_init
 This function uses a non-reentrant model


 *************** function _timer1_init *****************
 Defined at:
		line 566 in file "PR23.c"
 Parameters:    Size  Location     Type
		None
 Auto vars:     Size  Location     Type
		None
 Return value:  Size  Location     Type
		None               void
 Registers used:
		wreg, status,2
 Tracked objects:
		On entry : 
		On exit  : 
		Unchanged: 
 Data sizes:     COMMON   BANK0   BANK1   BANK3   BANK2
      Params:         0       0       0       0       0
      Locals:         0       0       0       0       0
      Temps:          0       0       0       0       0
      Totals:         0       0       0       0       0
Total ram usage:        0 bytes
 Hardware stack levels used:    1
 Hardware stack levels required when called:    1
 This function calls:
		Nothing
 This function is called by:
		_ultrasonic
 This function uses a non-reentrant model


 *************** function _interrupt_init *****************
 Defined at:
		line 574 in file "PR23.c"
 Parameters:    Size  Location     Type
		None
 Auto vars:     Size  Location     Type
		None
 Return value:  Size  Location     Type
		None               void
 Registers used:
		None
 Tracked objects:
		On entry : 
		On exit  : 
		Unchanged: 
 Data sizes:     COMMON   BANK0   BANK1   BANK3   BANK2
      Params:         0       0       0       0       0
      Locals:         0       0       0       0       0
      Temps:          0       0       0       0       0
      Totals:         0       0       0       0       0
Total ram usage:        0 bytes
 Hardware stack levels used:    1
 Hardware stack levels required when called:    1
 This function calls:
		Nothing
 This function is called by:
		_init
 This function uses a non-reentrant model


 *************** function _enable_global_int *****************
 Defined at:
		line 582 in file "PR23.c"
 Parameters:    Size  Location     Type
		None
 Auto vars:     Size  Location     Type
		None
 Return value:  Size  Location     Type
		None               void
 Registers used:
		None
 Tracked objects:
		On entry : 
		On exit  : 
		Unchanged: 
 Data sizes:     COMMON   BANK0   BANK1   BANK3   BANK2
      Params:         0       0       0       0       0
      Locals:         0       0       0       0       0
      Temps:          0       0       0       0       0
      Totals:         0       0       0       0       0
Total ram usage:        0 bytes
 Hardware stack levels used:    1
 Hardware stack levels required when called:    1
 This function calls:
		Nothing
 This function is called by:
		_ultrasonic
 This function uses a non-reentrant model


 *************** function _disable_global_int *****************
 Defined at:
		line 589 in file "PR23.c"
 Parameters:    Size  Location     Type
		None
 Auto vars:     Size  Location     Type
		None
 Return value:  Size  Location     Type
		None               void
 Registers used:
		None
 Tracked objects:
		On entry : 
		On exit  : 
		Unchanged: 
 Data sizes:     COMMON   BANK0   BANK1   BANK3   BANK2
      Params:         0       0       0       0       0
      Locals:         0       0       0       0       0
      Temps:          0       0       0       0       0
      Totals:         0       0       0       0       0
Total ram usage:        0 bytes
 Hardware stack levels used:    1
 Hardware stack levels required when called:    1
 This function calls:
		Nothing
 This function is called by:
		_init
		_ultrasonic
		_wireless_xbee
		_SKPS_PScon
 This function uses a non-reentrant model


 *************** function _stop *****************
 Defined at:
		line 1233 in file "PR23.c"
 Parameters:    Size  Location     Type
		None
 Auto vars:     Size  Location     Type
		None
 Return value:  Size  Location     Type
		None               void
 Registers used:
		None
 Tracked objects:
		On entry : 
		On exit  : 
		Unchanged: 
 Data sizes:     COMMON   BANK0   BANK1   BANK3   BANK2
      Params:         0       0       0       0       0
      Locals:         0       0       0       0       0
      Temps:          0       0       0       0       0
      Totals:         0       0       0       0       0
Total ram usage:        0 bytes
 Hardware stack levels used:    1
 Hardware stack levels required when called:    1
 This function calls:
		Nothing
 This function is called by:
		_init
		_ultrasonic
		_analog_sen
		_wireless_xbee
		_SKPS_PScon
 This function uses a non-reentrant model


 *************** function _forward *****************
 Defined at:
		line 1201 in file "PR23.c"
 Parameters:    Size  Location     Type
		None
 Auto vars:     Size  Location     Type
		None
 Return value:  Size  Location     Type
		None               void
 Registers used:
		None
 Tracked objects:
		On entry : 
		On exit  : 
		Unchanged: 
 Data sizes:     COMMON   BANK0   BANK1   BANK3   BANK2
      Params:         0       0       0       0       0
      Locals:         0       0       0       0       0
      Temps:          0       0       0       0       0
      Totals:         0       0       0       0       0
Total ram usage:        0 bytes
 Hardware stack levels used:    1
 Hardware stack levels required when called:    1
 This function calls:
		Nothing
 This function is called by:
		_line_follow
		_ultrasonic
		_analog_sen
		_wireless_xbee
		_SKPS_PScon
 This function uses a non-reentrant model


 *************** function _us_value *****************
 Defined at:
		line 1157 in file "PR23.c"
 Parameters:    Size  Location     Type
  mode            1    wreg     unsigned char 
 Auto vars:     Size  Location     Type
  mode            1   51[BANK0 ] unsigned char 
  value           4   52[BANK0 ] unsigned long 
 Return value:  Size  Location     Type
                  2   45[BANK0 ] unsigned int 
 Registers used:
		wreg, fsr0l, fsr0h, status,2, status,0, pclath, cstack
 Tracked objects:
		On entry : 
		On exit  : 
		Unchanged: 
 Data sizes:     COMMON   BANK0   BANK1   BANK3   BANK2
      Params:         0       2       0       0       0
      Locals:         0       5       0       0       0
      Temps:          0       4       0       0       0
      Totals:         0      11       0       0       0
Total ram usage:       11 bytes
 Hardware stack levels used:    1
 Hardware stack levels required when called:    3
 This function calls:
		_read_adc
		___lmul
		___lldiv
		___wmul
 This function is called by:
		_ultrasonic
 This function uses a non-reentrant model


 *************** function _read_adc *****************
 Defined at:
		line 535 in file "PR23.c"
 Parameters:    Size  Location     Type
  channel         1    wreg     unsigned char 
 Auto vars:     Size  Location     Type
  channel         1   37[BANK0 ] unsigned char 
  result          4   39[BANK0 ] unsigned long 
  temp_result     2   43[BANK0 ] unsigned int 
  i               1   38[BANK0 ] unsigned char 
 Return value:  Size  Location     Type
                  2   27[BANK0 ] unsigned int 
 Registers used:
		wreg, status,2, status,0, pclath, cstack
 Tracked objects:
		On entry : 
		On exit  : 
		Unchanged: 
 Data sizes:     COMMON   BANK0   BANK1   BANK3   BANK2
      Params:         0       2       0       0       0
      Locals:         0       8       0       0       0
      Temps:          0       8       0       0       0
      Totals:         0      18       0       0       0
Total ram usage:       18 bytes
 Hardware stack levels used:    1
 Hardware stack levels required when called:    2
 This function calls:
		_delay_ms
		___lldiv
 This function is called by:
		_analog_sen
		_us_value
 This function uses a non-reentrant model


 *************** function _delay_ms *****************
 Defined at:
		line 313 in file "PR23.c"
 Parameters:    Size  Location     Type
  data            4    0[BANK0 ] unsigned long 
 Auto vars:     Size  Location     Type
		None
 Return value:  Size  Location     Type
		None               void
 Registers used:
		wreg
 Tracked objects:
		On entry : 
		On exit  : 
		Unchanged: 
 Data sizes:     COMMON   BANK0   BANK1   BANK3   BANK2
      Params:         0       4       0       0       0
      Locals:         0       0       0       0       0
      Temps:          0       4       0       0       0
      Totals:         0       8       0       0       0
Total ram usage:        8 bytes
 Hardware stack levels used:    1
 Hardware stack levels required when called:    1
 This function calls:
		Nothing
 This function is called by:
		_main
		_beep
		_lcd_init
		_lcd_config
		_lcd_char
		_e_pulse
		_lcd_clr
		_read_adc
		_ultrasonic
		_wireless_xbee
		_SKPS_PScon
 This function uses a non-reentrant model


 *************** function _backward *****************
 Defined at:
		line 1209 in file "PR23.c"
 Parameters:    Size  Location     Type
		None
 Auto vars:     Size  Location     Type
		None
 Return value:  Size  Location     Type
		None               void
 Registers used:
		None
 Tracked objects:
		On entry : 
		On exit  : 
		Unchanged: 
 Data sizes:     COMMON   BANK0   BANK1   BANK3   BANK2
      Params:         0       0       0       0       0
      Locals:         0       0       0       0       0
      Temps:          0       0       0       0       0
      Totals:         0       0       0       0       0
Total ram usage:        0 bytes
 Hardware stack levels used:    1
 Hardware stack levels required when called:    1
 This function calls:
		Nothing
 This function is called by:
		_ultrasonic
		_analog_sen
		_wireless_xbee
		_SKPS_PScon
 This function uses a non-reentrant model


 *************** function _right *****************
 Defined at:
		line 1225 in file "PR23.c"
 Parameters:    Size  Location     Type
		None
 Auto vars:     Size  Location     Type
		None
 Return value:  Size  Location     Type
		None               void
 Registers used:
		None
 Tracked objects:
		On entry : 
		On exit  : 
		Unchanged: 
 Data sizes:     COMMON   BANK0   BANK1   BANK3   BANK2
      Params:         0       0       0       0       0
      Locals:         0       0       0       0       0
      Temps:          0       0       0       0       0
      Totals:         0       0       0       0       0
Total ram usage:        0 bytes
 Hardware stack levels used:    1
 Hardware stack levels required when called:    1
 This function calls:
		Nothing
 This function is called by:
		_wireless_xbee
		_SKPS_PScon
 This function uses a non-reentrant model


 *************** function _left *****************
 Defined at:
		line 1217 in file "PR23.c"
 Parameters:    Size  Location     Type
		None
 Auto vars:     Size  Location     Type
		None
 Return value:  Size  Location     Type
		None               void
 Registers used:
		None
 Tracked objects:
		On entry : 
		On exit  : 
		Unchanged: 
 Data sizes:     COMMON   BANK0   BANK1   BANK3   BANK2
      Params:         0       0       0       0       0
      Locals:         0       0       0       0       0
      Temps:          0       0       0       0       0
      Totals:         0       0       0       0       0
Total ram usage:        0 bytes
 Hardware stack levels used:    1
 Hardware stack levels required when called:    1
 This function calls:
		Nothing
 This function is called by:
		_wireless_xbee
		_SKPS_PScon
 This function uses a non-reentrant model


 *************** function ___wmul *****************
 Defined at:
		line 3 in file "C:\Program Files (x86)\Microchip\xc8\v1.11\sources\wmul.c"
 Parameters:    Size  Location     Type
  multiplier      2    0[BANK0 ] unsigned int 
  multiplicand    2    2[BANK0 ] unsigned int 
 Auto vars:     Size  Location     Type
  product         2    4[BANK0 ] unsigned int 
 Return value:  Size  Location     Type
                  2    0[BANK0 ] unsigned int 
 Registers used:
		wreg, status,2, status,0
 Tracked objects:
		On entry : 
		On exit  : 
		Unchanged: 
 Data sizes:     COMMON   BANK0   BANK1   BANK3   BANK2
      Params:         0       4       0       0       0
      Locals:         0       2       0       0       0
      Temps:          0       0       0       0       0
      Totals:         0       6       0       0       0
Total ram usage:        6 bytes
 Hardware stack levels used:    1
 Hardware stack levels required when called:    1
 This function calls:
		Nothing
 This function is called by:
		_us_value
 This function uses a non-reentrant model


 *************** function ___lwdiv *****************
 Defined at:
		line 5 in file "C:\Program Files (x86)\Microchip\xc8\v1.11\sources\lwdiv.c"
 Parameters:    Size  Location     Type
  divisor         2    0[BANK0 ] unsigned int 
  dividend        2    2[BANK0 ] unsigned int 
 Auto vars:     Size  Location     Type
  quotient        2    5[BANK0 ] unsigned int 
  counter         1    7[BANK0 ] unsigned char 
 Return value:  Size  Location     Type
                  2    0[BANK0 ] unsigned int 
 Registers used:
		wreg, status,2, status,0
 Tracked objects:
		On entry : 
		On exit  : 
		Unchanged: 
 Data sizes:     COMMON   BANK0   BANK1   BANK3   BANK2
      Params:         0       4       0       0       0
      Locals:         0       3       0       0       0
      Temps:          0       1       0       0       0
      Totals:         0       8       0       0       0
Total ram usage:        8 bytes
 Hardware stack levels used:    1
 Hardware stack levels required when called:    1
 This function calls:
		Nothing
 This function is called by:
		_lcd_dis_num
 This function uses a non-reentrant model


 *************** function ___lwmod *****************
 Defined at:
		line 5 in file "C:\Program Files (x86)\Microchip\xc8\v1.11\sources\lwmod.c"
 Parameters:    Size  Location     Type
  divisor         2    0[BANK0 ] unsigned int 
  dividend        2    2[BANK0 ] unsigned int 
 Auto vars:     Size  Location     Type
  counter         1    5[BANK0 ] unsigned char 
 Return value:  Size  Location     Type
                  2    0[BANK0 ] unsigned int 
 Registers used:
		wreg, status,2, status,0
 Tracked objects:
		On entry : 
		On exit  : 
		Unchanged: 
 Data sizes:     COMMON   BANK0   BANK1   BANK3   BANK2
      Params:         0       4       0       0       0
      Locals:         0       1       0       0       0
      Temps:          0       1       0       0       0
      Totals:         0       6       0       0       0
Total ram usage:        6 bytes
 Hardware stack levels used:    1
 Hardware stack levels required when called:    1
 This function calls:
		Nothing
 This function is called by:
		_lcd_dis_num
 This function uses a non-reentrant model


 *************** function ___lmul *****************
 Defined at:
		line 3 in file "C:\Program Files (x86)\Microchip\xc8\v1.11\sources\lmul.c"
 Parameters:    Size  Location     Type
  multiplier      4    0[BANK0 ] unsigned long 
  multiplicand    4    4[BANK0 ] unsigned long 
 Auto vars:     Size  Location     Type
  product         4    9[BANK0 ] unsigned long 
 Return value:  Size  Location     Type
                  4    0[BANK0 ] unsigned long 
 Registers used:
		wreg, status,2, status,0
 Tracked objects:
		On entry : 
		On exit  : 
		Unchanged: 
 Data sizes:     COMMON   BANK0   BANK1   BANK3   BANK2
      Params:         0       8       0       0       0
      Locals:         0       4       0       0       0
      Temps:          0       1       0       0       0
      Totals:         0      13       0       0       0
Total ram usage:       13 bytes
 Hardware stack levels used:    1
 Hardware stack levels required when called:    1
 This function calls:
		Nothing
 This function is called by:
		_analog_sen
		_us_value
 This function uses a non-reentrant model


 *************** function ___lldiv *****************
 Defined at:
		line 5 in file "C:\Program Files (x86)\Microchip\xc8\v1.11\sources\lldiv.c"
 Parameters:    Size  Location     Type
  divisor         4   13[BANK0 ] unsigned long 
  dividend        4   17[BANK0 ] unsigned long 
 Auto vars:     Size  Location     Type
  quotient        4   22[BANK0 ] unsigned long 
  counter         1   26[BANK0 ] unsigned char 
 Return value:  Size  Location     Type
                  4   13[BANK0 ] unsigned long 
 Registers used:
		wreg, status,2, status,0
 Tracked objects:
		On entry : 
		On exit  : 
		Unchanged: 
 Data sizes:     COMMON   BANK0   BANK1   BANK3   BANK2
      Params:         0       8       0       0       0
      Locals:         0       5       0       0       0
      Temps:          0       1       0       0       0
      Totals:         0      14       0       0       0
Total ram usage:       14 bytes
 Hardware stack levels used:    1
 Hardware stack levels required when called:    1
 This function calls:
		Nothing
 This function is called by:
		_read_adc
		_analog_sen
		_us_value
 This function uses a non-reentrant model


 *************** function _isr *****************
 Defined at:
		line 186 in file "PR23.c"
 Parameters:    Size  Location     Type
		None
 Auto vars:     Size  Location     Type
  receive_data    1    6[COMMON] unsigned char 
 Return value:  Size  Location     Type
		None               void
 Registers used:
		wreg, fsr0l, fsr0h, status,2, status,0
 Tracked objects:
		On entry : 
		On exit  : 
		Unchanged: 
 Data sizes:     COMMON   BANK0   BANK1   BANK3   BANK2
      Params:         0       0       0       0       0
      Locals:         1       0       0       0       0
      Temps:          6       0       0       0       0
      Totals:         7       0       0       0       0
Total ram usage:        7 bytes
 Hardware stack levels used:    1
 This function calls:
		Nothing
 This function is called by:
		Interrupt level 1
 This function uses a non-reentrant model



MODULE INFORMATION

Module		Function		Class		Link	Load	Size
C:\Program Files (x86)\Microchip\xc8\v1.11\sources\lldiv.c
		___lldiv       		CODE           	078A	0000	111

C:\Program Files (x86)\Microchip\xc8\v1.11\sources\lldiv.c estimated size: 111

shared
		_cytron_website		STRCODE        	0176	0000	15
		__stringtab    		STRCODE        	0100	0000	18
		__stringdata   		STRCODE        	01B1	0000	524
		_SKPS          		STRCODE        	01AA	0000	7
		_pr23_rev      		STRCODE        	0193	0000	14
		_XB            		STRCODE        	01A1	0000	9
		__initializatio		CODE           	1528	0000	28
		_AS            		STRCODE        	0156	0000	16
		_multifunction_		STRCODE        	0145	0000	17
		_diy_project   		STRCODE        	0166	0000	16
		_US            		STRCODE        	0112	0000	17
		_cytron_tech   		STRCODE        	0185	0000	14
		_line          		STRCODE        	0134	0000	17
		_code_version  		STRCODE        	0123	0000	17

shared estimated size: 729

PR23.c
		_uart_string   		CODE           	1569	0000	42
		_init          		CODE           	1657	0000	58
		_ultrasonic    		CODE           	0CB0	0000	412
		_lcd_2ndline   		CODE           	07F9	0000	7
		_SKPS_PScon    		CODE           	03BD	0000	508
		_enable_global_		CODE           	00FC	0000	3
		_stop          		CODE           	1459	0000	7
		_beep          		CODE           	15BF	0000	47
		_uart_string_nl		CODE           	150E	0000	26
		_lcd_dis_num   		CODE           	0909	0000	247
		_main          		CODE           	0B54	0000	348
		_skps          		CODE           	148D	0000	16
		_uart_rec      		CODE           	14B0	0000	22
		_us_value      		CODE           	0015	0000	205
		_lcd_char      		CODE           	14DC	0000	25
		_forward       		CODE           	1452	0000	7
		_uart_init     		CODE           	00E2	0000	26
		_lcd_clr       		CODE           	14C6	0000	22
		_lcd_clr_line  		CODE           	1691	0000	60
		_lcd_goto      		CODE           	0800	0000	11
		_isr           		CODE           	179B	0000	101
		_uart_send     		CODE           	1481	0000	12
		_e_pulse       		CODE           	1548	0000	33
		_line_follow   		CODE           	0E4C	0000	436
		_lcd_config    		CODE           	14F5	0000	25
		_read_adc      		CODE           	085A	0000	175
		_left          		CODE           	143D	0000	7
		_wireless_xbee 		CODE           	05B9	0000	465
		_delay_ms      		CODE           	16CD	0000	61
		_timer1_init   		CODE           	1460	0000	7
		_adc_init      		CODE           	146E	0000	9
		_analog_sen    		CODE           	0A00	0000	340
		_interrupt_init		CODE           	1437	0000	6
		_right         		CODE           	1444	0000	7
		_lcd_home      		CODE           	1467	0000	7
		_backward      		CODE           	144B	0000	7
		_disable_global		CODE           	1434	0000	3
		_lcd_string    		CODE           	15EE	0000	49
		_lcd_init      		CODE           	161F	0000	56

PR23.c estimated size: 3905

C:\Program Files (x86)\Microchip\xc8\v1.11\sources\wmul.c
		___wmul        		CODE           	1593	0000	44

C:\Program Files (x86)\Microchip\xc8\v1.11\sources\wmul.c estimated size: 44

C:\Program Files (x86)\Microchip\xc8\v1.11\sources\lwmod.c
		___lwmod       		CODE           	170A	0000	69

C:\Program Files (x86)\Microchip\xc8\v1.11\sources\lwmod.c estimated size: 69

C:\Program Files (x86)\Microchip\xc8\v1.11\sources\lwdiv.c
		___lwdiv       		CODE           	080B	0000	79

C:\Program Files (x86)\Microchip\xc8\v1.11\sources\lwdiv.c estimated size: 79

C:\Program Files (x86)\Microchip\xc8\v1.11\sources\lmul.c
		___lmul        		CODE           	174F	0000	76

C:\Program Files (x86)\Microchip\xc8\v1.11\sources\lmul.c estimated size: 76

